
> pixelbay@0.1.0 build
> next build --turbopack

   ▲ Next.js 15.5.7 (Turbopack)
   - Environments: .env.local, .env

   Creating an optimized production build ...
 ✓ Finished writing to disk in 136ms
 ✓ Compiled successfully in 13.0s
   Linting and checking validity of types ...
   Collecting page data ...
Database connected: true
Database connected: true
Database connected: true
Database connected: true
Database connected: true
Database connected: true
Database connected: true
Database connected: true
Database connected: true
Database connected: true
Database connected: true
Database connected: true
Database connected: true
   Generating static pages (0/32) ...
Database connected: true
[Error: Minified React error #31; visit https://reactjs.org/docs/error-decoder.html?invariant=31&args[]=%5Bobject%20Promise%5D for the full message or use the non-minified dev environment for full errors and additional helpful warnings.]
Error occurred prerendering page "/home/Home". Read more: https://nextjs.org/docs/messages/prerender-error
[Error: Minified React error #31; visit https://reactjs.org/docs/error-decoder.html?invariant=31&args[]=%5Bobject%20Promise%5D for the full message or use the non-minified dev environment for full errors and additional helpful warnings.]
Export encountered an error on /home/Home, exiting the build.
 ⨯ Next.js build worker exited with code: 1 and signal: null
